 

          **************************************************************
          *                                                            *
          *        ****   *****   *****   *    *  *    *  *****        *
          *       *    *  *    *  *    *  *   *   *   *   *    *       *
          *       *       *    *  *    *  *  *    *  *    *    *       *
          *        ****   *****   *****   * *     * *     *****        *
          *            *  *       *  *    ** *    ** *    *  *         *
          *       *    *  *       *   *   *   *   *   *   *   *        *
          *        ****   *       *    *  *    *  *    *  *    *       *
          *                                                            *
          *------------------------------------------------------------*
          *       KKRGEN  VERSION  9.4            (C) 2025  H. Ebert   *
          **************************************************************


          programm execution  on    22/08/2025    at   17:02:12


          input file       : standard input


          POTFIL : Fe.pot_new


 ###############################################################################
 ###############################################################################

     STOP in subroutine <KKRGEN>

          with error message:  requested potential file could not be opened

 ###############################################################################
 ###############################################################################


          run time info  CPU          0.012 sec
                         WALL         0.001 sec

